#
# There is insufficient memory for the Java Runtime Environment to continue.
# Native memory allocation (mmap) failed to map 264241152 bytes for G1 virtual space
# Possible reasons:
#   The system is out of physical RAM or swap space
#   The process is running with CompressedOops enabled, and the Java Heap may be blocking the growth of the native heap
# Possible solutions:
#   Reduce memory load on the system
#   Increase physical memory or swap space
#   Check if swap backing store is full
#   Decrease Java heap size (-Xmx/-Xms)
#   Decrease number of Java threads
#   Decrease Java thread stack sizes (-Xss)
#   Set larger code cache with -XX:ReservedCodeCacheSize=
#   JVM is running with Zero Based Compressed Oops mode in which the Java heap is
#     placed in the first 32GB address space. The Java Heap base address is the
#     maximum limit for the native heap growth. Please use -XX:HeapBaseMinAddress
#     to set the Java Heap base and to place the Java Heap above 32GB virtual address.
# This output file may be truncated or incomplete.
#
#  Out of Memory Error (os_windows.cpp:3600), pid=26416, tid=24408
#
# JRE version:  (21.0.2+13) (build )
# Java VM: OpenJDK 64-Bit Server VM (21.0.2+13-58, mixed mode, sharing, tiered, compressed oops, compressed class ptrs, g1 gc, windows-amd64)
# No core dump will be written. Minidumps are not enabled by default on client versions of Windows
#

---------------  S U M M A R Y ------------

Command Line: -Dclassworlds.conf=C:\Users\TU QUANG CHUONG\apache-maven-3.9.6-bin\apache-maven-3.9.6\bin\m2.conf -Dmaven.home=C:\Users\TU QUANG CHUONG\apache-maven-3.9.6-bin\apache-maven-3.9.6 -Dlibrary.jansi.path=C:\Users\TU QUANG CHUONG\apache-maven-3.9.6-bin\apache-maven-3.9.6\lib\jansi-native -Dmaven.multiModuleProjectDirectory=D:\Buildd24_10\Buildd30_7\Buildd43\services\ai-service org.codehaus.plexus.classworlds.launcher.Launcher -q test

Host: 11th Gen Intel(R) Core(TM) i5-11320H @ 3.20GHz, 8 cores, 15G,  Windows 11 , 64 bit Build 26100 (10.0.26100.7309)
Time: Wed Jan 14 12:40:28 2026 SE Asia Standard Time elapsed time: 0.179863 seconds (0d 0h 0m 0s)

---------------  T H R E A D  ---------------

Current thread (0x000002322a7ff8b0):  JavaThread "Unknown thread" [_thread_in_vm, id=24408, stack(0x0000004882400000,0x0000004882500000) (1024K)]

Stack: [0x0000004882400000,0x0000004882500000]
Native frames: (J=compiled Java code, j=interpreted, Vv=VM code, C=native code)
V  [jvm.dll+0x6cade9]
V  [jvm.dll+0x8569c1]
V  [jvm.dll+0x858d2e]
V  [jvm.dll+0x859413]
V  [jvm.dll+0x280e56]
V  [jvm.dll+0x6c74d5]
V  [jvm.dll+0x6bbeca]
V  [jvm.dll+0x355bca]
V  [jvm.dll+0x35d816]
V  [jvm.dll+0x3ae67e]
V  [jvm.dll+0x3ae928]
V  [jvm.dll+0x3295dc]
V  [jvm.dll+0x32a16b]
V  [jvm.dll+0x81efa9]
V  [jvm.dll+0x3bba01]
V  [jvm.dll+0x807928]
V  [jvm.dll+0x44f50e]
V  [jvm.dll+0x450e11]
C  [jli.dll+0x52a3]
C  [ucrtbase.dll+0x37b0]
C  [KERNEL32.DLL+0x2e8d7]
C  [ntdll.dll+0x8c53c]


---------------  P R O C E S S  ---------------

Threads class SMR info:
_java_thread_list=0x00007ffc5361bb88, length=0, elements={
}

Java Threads: ( => current thread )
Total: 0

Other Threads:
  0x000002322a860c60 WorkerThread "GC Thread#0"                     [id=1044, stack(0x0000004882500000,0x0000004882600000) (1024K)]
  0x000002322a8726c0 ConcurrentGCThread "G1 Main Marker"            [id=11984, stack(0x0000004882600000,0x0000004882700000) (1024K)]
  0x000002322a873960 WorkerThread "G1 Conc#0"                       [id=31000, stack(0x0000004882700000,0x0000004882800000) (1024K)]

[error occurred during error reporting (printing all threads), id 0xc0000005, EXCEPTION_ACCESS_VIOLATION (0xc0000005) at pc=0x00007ffc52d8c6a7]
VM state: not at safepoint (not fully initialized)

VM Mutex/Monitor currently owned by a thread:  ([mutex/lock_event])
[0x00007ffc5368ce68] Heap_lock - owner thread: 0x000002322a7ff8b0

Heap address: 0x0000000704000000, size: 4032 MB, Compressed Oops mode: Zero based, Oop shift amount: 3

CDS archive(s) mapped at: [0x0000000000000000-0x0000000000000000-0x0000000000000000), size 0, SharedBaseAddress: 0x0000000800000000, ArchiveRelocationMode: 1.
Narrow klass base: 0x0000000000000000, Narrow klass shift: 0, Narrow klass range: 0x0

GC Precious Log:
 CardTable entry size: 512
 Card Set container configuration: InlinePtr #cards 4 size 8 Array Of Cards #cards 16 size 48 Howl #buckets 8 coarsen threshold 3686 Howl Bitmap #cards 512 size 80 coarsen threshold 460 Card regions per heap region 1 cards per card region 4096

Heap:
 garbage-first heap   total 0K, used 0K [0x0000000704000000, 0x0000000800000000)
  region size 2048K, 0 young (0K), 0 survivors (0K)

[error occurred during error reporting (printing heap information), id 0xc0000005, EXCEPTION_ACCESS_VIOLATION (0xc0000005) at pc=0x00007ffc531739f9]
GC Heap History (0 events):
No events

Dll operation events (1 events):
Event: 0.031 Loaded shared library C:\Users\TU QUANG CHUONG\.jdks\openjdk-21.0.2\bin\java.dll

Deoptimization events (0 events):
No events

Classes loaded (0 events):
No events

Classes unloaded (0 events):
No events

Classes redefined (0 events):
No events

Internal exceptions (0 events):
No events

ZGC Phase Switch (0 events):
No events

VM Operations (0 events):
No events

Events (0 events):
No events


Dynamic libraries:
0x00007ff60eee0000 - 0x00007ff60eeee000 	C:\Users\TU QUANG CHUONG\.jdks\openjdk-21.0.2\bin\java.exe
0x00007ffcfcb80000 - 0x00007ffcfcde7000 	C:\WINDOWS\SYSTEM32\ntdll.dll
0x00007ffcfbb10000 - 0x00007ffcfbbd9000 	C:\WINDOWS\System32\KERNEL32.DLL
0x00007ffcf9e50000 - 0x00007ffcfa23f000 	C:\WINDOWS\System32\KERNELBASE.dll
0x00007ffcfa680000 - 0x00007ffcfa7cb000 	C:\WINDOWS\System32\ucrtbase.dll
0x00007ffcba5d0000 - 0x00007ffcba5e8000 	C:\Users\TU QUANG CHUONG\.jdks\openjdk-21.0.2\bin\jli.dll
0x00007ffcfb590000 - 0x00007ffcfb755000 	C:\WINDOWS\System32\USER32.dll
0x00007ffcfa470000 - 0x00007ffcfa497000 	C:\WINDOWS\System32\win32u.dll
0x00007ffcfc200000 - 0x00007ffcfc22b000 	C:\WINDOWS\System32\GDI32.dll
0x00007ffcfa4a0000 - 0x00007ffcfa5cc000 	C:\WINDOWS\System32\gdi32full.dll
0x00007ffcfa3c0000 - 0x00007ffcfa463000 	C:\WINDOWS\System32\msvcp_win.dll
0x00007ffcbc580000 - 0x00007ffcbc59b000 	C:\Users\TU QUANG CHUONG\.jdks\openjdk-21.0.2\bin\VCRUNTIME140.dll
0x00007ffcdcd80000 - 0x00007ffcdd013000 	C:\WINDOWS\WinSxS\amd64_microsoft.windows.common-controls_6595b64144ccf1df_6.0.26100.7309_none_3e05feeae336a044\COMCTL32.dll
0x00007ffcfb9d0000 - 0x00007ffcfba79000 	C:\WINDOWS\System32\msvcrt.dll
0x00007ffcfc230000 - 0x00007ffcfc261000 	C:\WINDOWS\System32\IMM32.DLL
0x00007ffcd1a80000 - 0x00007ffcd1a8c000 	C:\Users\TU QUANG CHUONG\.jdks\openjdk-21.0.2\bin\vcruntime140_1.dll
0x00007ffca5590000 - 0x00007ffca561e000 	C:\Users\TU QUANG CHUONG\.jdks\openjdk-21.0.2\bin\msvcp140.dll
0x00007ffc52a50000 - 0x00007ffc53767000 	C:\Users\TU QUANG CHUONG\.jdks\openjdk-21.0.2\bin\server\jvm.dll
0x00007ffcfb380000 - 0x00007ffcfb434000 	C:\WINDOWS\System32\ADVAPI32.dll
0x00007ffcfbbf0000 - 0x00007ffcfbc96000 	C:\WINDOWS\System32\sechost.dll
0x00007ffcfb8b0000 - 0x00007ffcfb9c8000 	C:\WINDOWS\System32\RPCRT4.dll
0x00007ffcfbec0000 - 0x00007ffcfbf34000 	C:\WINDOWS\System32\WS2_32.dll
0x00007ffcf9b30000 - 0x00007ffcf9b8e000 	C:\WINDOWS\SYSTEM32\POWRPROF.dll
0x00007ffcf7480000 - 0x00007ffcf74b5000 	C:\WINDOWS\SYSTEM32\WINMM.dll
0x00007ffce7040000 - 0x00007ffce704b000 	C:\WINDOWS\SYSTEM32\VERSION.dll
0x00007ffcf9b10000 - 0x00007ffcf9b24000 	C:\WINDOWS\SYSTEM32\UMPDC.dll
0x00007ffcf8a80000 - 0x00007ffcf8a9b000 	C:\WINDOWS\SYSTEM32\kernel.appcore.dll
0x00007ffcccc70000 - 0x00007ffcccc7a000 	C:\Users\TU QUANG CHUONG\.jdks\openjdk-21.0.2\bin\jimage.dll
0x00007ffcf71b0000 - 0x00007ffcf73f2000 	C:\WINDOWS\SYSTEM32\DBGHELP.DLL
0x00007ffcfae00000 - 0x00007ffcfb185000 	C:\WINDOWS\System32\combase.dll
0x00007ffcfb4b0000 - 0x00007ffcfb586000 	C:\WINDOWS\System32\OLEAUT32.dll
0x00007ffcf7440000 - 0x00007ffcf747c000 	C:\WINDOWS\SYSTEM32\dbgcore.DLL
0x00007ffcfa5d0000 - 0x00007ffcfa675000 	C:\WINDOWS\System32\bcryptPrimitives.dll
0x00007ffcb1d80000 - 0x00007ffcb1d9f000 	C:\Users\TU QUANG CHUONG\.jdks\openjdk-21.0.2\bin\java.dll

dbghelp: loaded successfully - version: 4.0.5 - missing functions: none
symbol engine: initialized successfully - sym options: 0x614 - pdb path: .;C:\Users\TU QUANG CHUONG\.jdks\openjdk-21.0.2\bin;C:\WINDOWS\SYSTEM32;C:\WINDOWS\WinSxS\amd64_microsoft.windows.common-controls_6595b64144ccf1df_6.0.26100.7309_none_3e05feeae336a044;C:\Users\TU QUANG CHUONG\.jdks\openjdk-21.0.2\bin\server

VM Arguments:
jvm_args: -Dclassworlds.conf=C:\Users\TU QUANG CHUONG\apache-maven-3.9.6-bin\apache-maven-3.9.6\bin\m2.conf -Dmaven.home=C:\Users\TU QUANG CHUONG\apache-maven-3.9.6-bin\apache-maven-3.9.6 -Dlibrary.jansi.path=C:\Users\TU QUANG CHUONG\apache-maven-3.9.6-bin\apache-maven-3.9.6\lib\jansi-native -Dmaven.multiModuleProjectDirectory=D:\Buildd24_10\Buildd30_7\Buildd43\services\ai-service 
java_command: org.codehaus.plexus.classworlds.launcher.Launcher -q test
java_class_path (initial): C:\Users\TU QUANG CHUONG\apache-maven-3.9.6-bin\apache-maven-3.9.6\boot\plexus-classworlds-2.7.0.jar
Launcher Type: SUN_STANDARD

[Global flags]
     intx CICompilerCount                          = 4                                         {product} {ergonomic}
     uint ConcGCThreads                            = 2                                         {product} {ergonomic}
     uint G1ConcRefinementThreads                  = 8                                         {product} {ergonomic}
   size_t G1HeapRegionSize                         = 2097152                                   {product} {ergonomic}
    uintx GCDrainStackTargetSize                   = 64                                        {product} {ergonomic}
   size_t InitialHeapSize                          = 264241152                                 {product} {ergonomic}
   size_t MarkStackSize                            = 4194304                                   {product} {ergonomic}
   size_t MaxHeapSize                              = 4227858432                                {product} {ergonomic}
   size_t MinHeapDeltaBytes                        = 2097152                                   {product} {ergonomic}
   size_t MinHeapSize                              = 8388608                                   {product} {ergonomic}
    uintx NonNMethodCodeHeapSize                   = 5839372                                {pd product} {ergonomic}
    uintx NonProfiledCodeHeapSize                  = 122909434                              {pd product} {ergonomic}
    uintx ProfiledCodeHeapSize                     = 122909434                              {pd product} {ergonomic}
    uintx ReservedCodeCacheSize                    = 251658240                              {pd product} {ergonomic}
     bool SegmentedCodeCache                       = true                                      {product} {ergonomic}
   size_t SoftMaxHeapSize                          = 4227858432                             {manageable} {ergonomic}
     bool UseCompressedOops                        = true                           {product lp64_product} {ergonomic}
     bool UseG1GC                                  = true                                      {product} {ergonomic}
     bool UseLargePagesIndividualAllocation        = false                                  {pd product} {ergonomic}

Logging:
Log output configuration:
 #0: stdout all=warning uptime,level,tags foldmultilines=false
 #1: stderr all=off uptime,level,tags foldmultilines=false

Environment Variables:
JAVA_HOME=C:\Users\TU QUANG CHUONG\.jdks\openjdk-21.0.2
PATH=C:\WINDOWS\system32;C:\WINDOWS;C:\WINDOWS\System32\Wbem;C:\WINDOWS\System32\WindowsPowerShell\v1.0\;C:\WINDOWS\System32\OpenSSH\;C:\Program Files\dotnet\;C:\Users\TU QUANG CHUONG\apache-maven-3.9.6-bin\apache-maven-3.9.6\bin;C:\Program Files\Git\cmd;C:\Program Files\TortoiseGit\bin;C:\Users\TU QUANG CHUONG\.jdks\openjdk-21.0.2\bin;C:\Users\TU QUANG CHUONG\.jdks\openjdk-21.0.2\bin;C:\Program Files\MySQL\MySQL Server 8.0\bin\;D:\gradle-8.13-bin\gradle-8.13\bin;D:\flutter_windows_3.29.3-stable\flutter\bin;C:\Program Files\nodejs;C:\WINDOWS\system32;C:\WINDOWS;C:\WINDOWS\System32\Wbem;C:\WINDOWS\System32\WindowsPowerShell\v1.0\;C:\WINDOWS\System32\OpenSSH\;c:\Users\TU QUANG CHUONG\AppData\Local\Programs\cursor\resources\app\bin;c:\Users\TU QUANG CHUONG\AppData\Local\Programs\cursor\resources\app\bin;C:\Users\TU QUANG CHUONG\AppData\Local\Programs\Python\Python311\Scripts\;C:\Users\TU QUANG CHUONG\AppData\Local\Programs\Python\Python311\;C:\Users\TU QUANG CHUONG\AppData\Local\Microsoft\WindowsApps;C:\Program Files\Azure Data Studio\bin;C:\Users\TU QUANG CHUONG\AppData\Local\Programs\Microsoft VS Code\bin;C:\Users\TU QUANG CHUONG\AppData\Roaming\npm;C:\Users\TU QUANG CHUONG\AppData\Local\Microsoft\WinGet\Packages\Ngrok.Ngrok_Microsoft.Winget.Source_8wekyb3d8bbwe;C:\Users\TU QUANG CHUONG\AppData\Local\Programs\cursor\resources\app\bin
USERNAME=TU QUANG CHUONG
TERM=dumb
OS=Windows_NT
PROCESSOR_IDENTIFIER=Intel64 Family 6 Model 140 Stepping 2, GenuineIntel
TMP=C:\Users\TU QUANG CHUONG\AppData\Local\Temp
TEMP=C:\Users\TU QUANG CHUONG\AppData\Local\Temp




Periodic native trim disabled

---------------  S Y S T E M  ---------------

OS:
 Windows 11 , 64 bit Build 26100 (10.0.26100.7309)
OS uptime: 1 days 0:37 hours
Hyper-V role detected

CPU: total 8 (initial active 8) (4 cores per cpu, 2 threads per core) family 6 model 140 stepping 2 microcode 0x3c, cx8, cmov, fxsr, ht, mmx, 3dnowpref, sse, sse2, sse3, ssse3, sse4.1, sse4.2, popcnt, lzcnt, tsc, tscinvbit, avx, avx2, aes, erms, clmul, bmi1, bmi2, adx, avx512f, avx512dq, avx512cd, avx512bw, avx512vl, sha, fma, vzeroupper, avx512_vpopcntdq, avx512_vpclmulqdq, avx512_vaes, avx512_vnni, clflush, clflushopt, clwb, avx512_vbmi2, avx512_vbmi, hv, rdtscp, rdpid, fsrm, gfni, avx512_bitalg, f16c, cet_ibt, cet_ss, avx512_ifma
Processor Information for all 8 processors :
  Max Mhz: 2496, Current Mhz: 2496, Mhz Limit: 2496

Memory: 4k page, system-wide physical 16122M (686M free)
TotalPageFile size 41640M (AvailPageFile size 253M)
current process WorkingSet (physical memory assigned to process): 13M, peak: 13M
current process commit charge ("private bytes"): 60M, peak: 312M

vm_info: OpenJDK 64-Bit Server VM (21.0.2+13-58) for windows-amd64 JRE (21.0.2+13-58), built on 2024-01-05T18:32:24Z by "mach5one" with MS VC++ 17.1 (VS2022)

END.
