#
# There is insufficient memory for the Java Runtime Environment to continue.
# Native memory allocation (malloc) failed to allocate 1691904 bytes for Chunk::new
# Possible reasons:
#   The system is out of physical RAM or swap space
#   The process is running with CompressedOops enabled, and the Java Heap may be blocking the growth of the native heap
# Possible solutions:
#   Reduce memory load on the system
#   Increase physical memory or swap space
#   Check if swap backing store is full
#   Decrease Java heap size (-Xmx/-Xms)
#   Decrease number of Java threads
#   Decrease Java thread stack sizes (-Xss)
#   Set larger code cache with -XX:ReservedCodeCacheSize=
#   JVM is running with Unscaled Compressed Oops mode in which the Java heap is
#     placed in the first 4GB address space. The Java Heap base address is the
#     maximum limit for the native heap growth. Please use -XX:HeapBaseMinAddress
#     to set the Java Heap base and to place the Java Heap above 4GB virtual address.
# This output file may be truncated or incomplete.
#
#  Out of Memory Error (arena.cpp:168), pid=26756, tid=31704
#
# JRE version: OpenJDK Runtime Environment (21.0.2+13) (build 21.0.2+13-58)
# Java VM: OpenJDK 64-Bit Server VM (21.0.2+13-58, mixed mode, sharing, tiered, compressed oops, compressed class ptrs, serial gc, windows-amd64)
# No core dump will be written. Minidumps are not enabled by default on client versions of Windows
#

---------------  S U M M A R Y ------------

Command Line: -Xms64m -Xmx256m -XX:+UseSerialGC -Dclassworlds.conf=C:\Users\TU QUANG CHUONG\apache-maven-3.9.6-bin\apache-maven-3.9.6\bin\m2.conf -Dmaven.home=C:\Users\TU QUANG CHUONG\apache-maven-3.9.6-bin\apache-maven-3.9.6 -Dlibrary.jansi.path=C:\Users\TU QUANG CHUONG\apache-maven-3.9.6-bin\apache-maven-3.9.6\lib\jansi-native -Dmaven.multiModuleProjectDirectory=D:\Buildd24_10\Buildd30_7\Buildd43\services\ai-service org.codehaus.plexus.classworlds.launcher.Launcher -q test

Host: 11th Gen Intel(R) Core(TM) i5-11320H @ 3.20GHz, 8 cores, 15G,  Windows 11 , 64 bit Build 26100 (10.0.26100.7309)
Time: Wed Jan 14 12:40:53 2026 SE Asia Standard Time elapsed time: 5.403014 seconds (0d 0h 0m 5s)

---------------  T H R E A D  ---------------

Current thread (0x000001e3ff4a09e0):  JavaThread "C2 CompilerThread2" daemon [_thread_in_native, id=31704, stack(0x0000000907100000,0x0000000907200000) (1024K)]


Current CompileTask:
C2:   5403 3859   !   4       org.codehaus.plexus.interpolation.StringSearchInterpolator::interpolate (668 bytes)

Stack: [0x0000000907100000,0x0000000907200000]
Native frames: (J=compiled Java code, j=interpreted, Vv=VM code, C=native code)
V  [jvm.dll+0x6cade9]
V  [jvm.dll+0x8569c1]
V  [jvm.dll+0x858d2e]
V  [jvm.dll+0x859413]
V  [jvm.dll+0x280e56]
V  [jvm.dll+0xc3f3d]
V  [jvm.dll+0xc4473]
V  [jvm.dll+0x3b5c2c]
V  [jvm.dll+0x1e2209]
V  [jvm.dll+0x249d22]
V  [jvm.dll+0x2491b1]
V  [jvm.dll+0x1c9634]
V  [jvm.dll+0x258859]
V  [jvm.dll+0x256e3a]
V  [jvm.dll+0x3ef6c6]
V  [jvm.dll+0x7ff568]
V  [jvm.dll+0x6c953d]
C  [ucrtbase.dll+0x37b0]
C  [KERNEL32.DLL+0x2e8d7]
C  [ntdll.dll+0x8c53c]


---------------  P R O C E S S  ---------------

Threads class SMR info:
_java_thread_list=0x000001e3ff7d8f70, length=13, elements={
0x000001e3f5cff7b0, 0x000001e3f57aec40, 0x000001e3f57afc50, 0x000001e3f57b4e10,
0x000001e3f57b8210, 0x000001e3f57ba930, 0x000001e3f57bd5b0, 0x000001e3f57c4c30,
0x000001e3f57d63e0, 0x000001e3fe1aa660, 0x000001e3fe1b4ec0, 0x000001e3ff380420,
0x000001e3ff4a09e0
}

Java Threads: ( => current thread )
  0x000001e3f5cff7b0 JavaThread "main"                              [_thread_blocked, id=11484, stack(0x0000000906300000,0x0000000906400000) (1024K)]
  0x000001e3f57aec40 JavaThread "Reference Handler"          daemon [_thread_blocked, id=29020, stack(0x0000000906600000,0x0000000906700000) (1024K)]
  0x000001e3f57afc50 JavaThread "Finalizer"                  daemon [_thread_blocked, id=9148, stack(0x0000000906700000,0x0000000906800000) (1024K)]
  0x000001e3f57b4e10 JavaThread "Signal Dispatcher"          daemon [_thread_blocked, id=24280, stack(0x0000000906800000,0x0000000906900000) (1024K)]
  0x000001e3f57b8210 JavaThread "Attach Listener"            daemon [_thread_blocked, id=14512, stack(0x0000000906900000,0x0000000906a00000) (1024K)]
  0x000001e3f57ba930 JavaThread "Service Thread"             daemon [_thread_blocked, id=16096, stack(0x0000000906a00000,0x0000000906b00000) (1024K)]
  0x000001e3f57bd5b0 JavaThread "Monitor Deflation Thread"   daemon [_thread_blocked, id=4496, stack(0x0000000906b00000,0x0000000906c00000) (1024K)]
  0x000001e3f57c4c30 JavaThread "C2 CompilerThread0"         daemon [_thread_in_native, id=25108, stack(0x0000000906c00000,0x0000000906d00000) (1024K)]
  0x000001e3f57d63e0 JavaThread "C1 CompilerThread0"         daemon [_thread_in_native, id=19352, stack(0x0000000906d00000,0x0000000906e00000) (1024K)]
  0x000001e3fe1aa660 JavaThread "Notification Thread"        daemon [_thread_blocked, id=29024, stack(0x0000000906e00000,0x0000000906f00000) (1024K)]
  0x000001e3fe1b4ec0 JavaThread "Common-Cleaner"             daemon [_thread_blocked, id=29944, stack(0x0000000906f00000,0x0000000907000000) (1024K)]
  0x000001e3ff380420 JavaThread "C2 CompilerThread1"         daemon [_thread_in_native, id=15480, stack(0x0000000907000000,0x0000000907100000) (1024K)]
=>0x000001e3ff4a09e0 JavaThread "C2 CompilerThread2"         daemon [_thread_in_native, id=31704, stack(0x0000000907100000,0x0000000907200000) (1024K)]
Total: 13

Other Threads:
  0x000001e3f578ee50 VMThread "VM Thread"                           [id=4316, stack(0x0000000906500000,0x0000000906600000) (1024K)]
  0x000001e3f57811f0 WatcherThread "VM Periodic Task Thread"        [id=8724, stack(0x0000000906400000,0x0000000906500000) (1024K)]
Total: 2

Threads with active compile tasks:
C2 CompilerThread0     5425 4119       4       java.util.concurrent.ConcurrentHashMap::putAll (63 bytes)
C1 CompilerThread0     5425 4147   !   3       org.eclipse.aether.internal.impl.collect.df.DfDependencyCollector::processDependency (684 bytes)
C2 CompilerThread1     5425 4139   !   4       com.google.inject.internal.SingletonScope$1::get (425 bytes)
C2 CompilerThread2     5425 3859   !   4       org.codehaus.plexus.interpolation.StringSearchInterpolator::interpolate (668 bytes)
Total: 4

VM state: not at safepoint (normal execution)

VM Mutex/Monitor currently owned by a thread: None

Heap address: 0x00000000f0000000, size: 256 MB, Compressed Oops mode: 32-bit

CDS archive(s) mapped at: [0x000001e38f000000-0x000001e38fc90000-0x000001e38fc90000), size 13172736, SharedBaseAddress: 0x000001e38f000000, ArchiveRelocationMode: 1.
Compressed class space mapped at: 0x000001e390000000-0x000001e3d0000000, reserved size: 1073741824
Narrow klass base: 0x000001e38f000000, Narrow klass shift: 0, Narrow klass range: 0x100000000

GC Precious Log:
 CardTable entry size: 512
 CPUs: 8 total, 8 available
 Memory: 16122M
 Large Page Support: Disabled
 NUMA Support: Disabled
 Compressed Oops: Enabled (32-bit)
 Heap Min Capacity: 64M
 Heap Initial Capacity: 64M
 Heap Max Capacity: 256M
 Pre-touch: Disabled

Heap:
 def new generation   total 19648K, used 1994K [0x00000000f0000000, 0x00000000f1550000, 0x00000000f5550000)
  eden space 17472K,   5% used [0x00000000f0000000, 0x00000000f0103b60, 0x00000000f1110000)
  from space 2176K,  43% used [0x00000000f1110000, 0x00000000f11fed28, 0x00000000f1330000)
  to   space 2176K,   0% used [0x00000000f1330000, 0x00000000f1330000, 0x00000000f1550000)
 tenured generation   total 43712K, used 13182K [0x00000000f5550000, 0x00000000f8000000, 0x0000000100000000)
   the space 43712K,  30% used [0x00000000f5550000, 0x00000000f622f920, 0x00000000f622fa00, 0x00000000f8000000)
 Metaspace       used 16231K, committed 16384K, reserved 1114112K
  class space    used 1855K, committed 1920K, reserved 1048576K

Card table byte_map: [0x000001e3f3c20000,0x000001e3f3cb0000] _byte_map_base: 0x000001e3f34a0000

Polling page: 0x000001e3f3bf0000

Metaspace:

Usage:
  Non-class:     14.04 MB used.
      Class:      1.81 MB used.
       Both:     15.85 MB used.

Virtual space:
  Non-class space:       64.00 MB reserved,      14.12 MB ( 22%) committed,  1 nodes.
      Class space:        1.00 GB reserved,       1.88 MB ( <1%) committed,  1 nodes.
             Both:        1.06 GB reserved,      16.00 MB (  1%) committed. 

Chunk freelists:
   Non-Class:  1.63 MB
       Class:  13.94 MB
        Both:  15.57 MB

MaxMetaspaceSize: unlimited
CompressedClassSpaceSize: 1.00 GB
Initial GC threshold: 21.00 MB
Current GC threshold: 21.00 MB
CDS: on
 - commit_granule_bytes: 65536.
 - commit_granule_words: 8192.
 - virtual_space_node_default_size: 8388608.
 - enlarge_chunks_in_place: 1.
 - use_allocation_guard: 0.


Internal statistics:

num_allocs_failed_limit: 0.
num_arena_births: 160.
num_arena_deaths: 0.
num_vsnodes_births: 2.
num_vsnodes_deaths: 0.
num_space_committed: 256.
num_space_uncommitted: 0.
num_chunks_returned_to_freelist: 0.
num_chunks_taken_from_freelist: 688.
num_chunk_merges: 0.
num_chunk_splits: 483.
num_chunks_enlarged: 400.
num_inconsistent_stats: 0.

CodeHeap 'non-profiled nmethods': size=120000Kb used=1835Kb max_used=1835Kb free=118164Kb
 bounds [0x000001e387ad0000, 0x000001e387d40000, 0x000001e38f000000]
CodeHeap 'profiled nmethods': size=120000Kb used=8158Kb max_used=8158Kb free=111841Kb
 bounds [0x000001e380000000, 0x000001e380800000, 0x000001e387530000]
CodeHeap 'non-nmethods': size=5760Kb used=1230Kb max_used=1264Kb free=4530Kb
 bounds [0x000001e387530000, 0x000001e3877a0000, 0x000001e387ad0000]
 total_blobs=4629 nmethods=4141 adapters=393
 compilation: enabled
              stopped_count=0, restarted_count=0
 full_count=0

Compilation events (20 events):
Event: 4.386 Thread 0x000001e3f57d63e0 nmethod 4121 0x000001e3807e6c10 code [0x000001e3807e6de0, 0x000001e3807e71f8]
Event: 4.386 Thread 0x000001e3f57d63e0 4122       1       org.codehaus.plexus.interpolation.StringSearchInterpolator::setCacheAnswers (6 bytes)
Event: 4.386 Thread 0x000001e3f57d63e0 nmethod 4122 0x000001e387c96a10 code [0x000001e387c96ba0, 0x000001e387c96c70]
Event: 4.387 Thread 0x000001e3f57d63e0 4124       3       org.apache.maven.model.building.DefaultModelProblemCollector::<init> (77 bytes)
Event: 4.387 Thread 0x000001e3f57c4c30 nmethod 4077 0x000001e387c96d10 code [0x000001e387c96ea0, 0x000001e387c97148]
Event: 4.387 Thread 0x000001e3f57c4c30 4119       4       java.util.concurrent.ConcurrentHashMap::putAll (63 bytes)
Event: 4.387 Thread 0x000001e3f57d63e0 nmethod 4124 0x000001e3807e7390 code [0x000001e3807e75c0, 0x000001e3807e7dd8]
Event: 4.387 Thread 0x000001e3f57d63e0 4123       1       org.apache.maven.model.building.DefaultModelBuildingRequest::isTwoPhaseBuilding (5 bytes)
Event: 4.387 Thread 0x000001e3f57d63e0 nmethod 4123 0x000001e387c97310 code [0x000001e387c974a0, 0x000001e387c97570]
Event: 4.387 Thread 0x000001e3f57d63e0 4125       1       org.apache.maven.model.building.DefaultModelBuildingRequest::getModelBuildingListener (5 bytes)
Event: 4.388 Thread 0x000001e3f57d63e0 nmethod 4125 0x000001e387c97610 code [0x000001e387c977a0, 0x000001e387c97868]
Event: 4.388 Thread 0x000001e3f57d63e0 4126   !   3       org.eclipse.aether.util.version.GenericVersion$Tokenizer::toItem (285 bytes)
Event: 4.391 Thread 0x000001e3f57d63e0 nmethod 4126 0x000001e3807e8090 code [0x000001e3807e84c0, 0x000001e3807ea3c0]
Event: 4.391 Thread 0x000001e3f57d63e0 4127       3       sun.nio.fs.WindowsPath::toWindowsPath (32 bytes)
Event: 4.391 Thread 0x000001e3f57d63e0 nmethod 4127 0x000001e3807eaf10 code [0x000001e3807eb0e0, 0x000001e3807eb570]
Event: 4.391 Thread 0x000001e3f57d63e0 4128       3       jdk.internal.misc.Unsafe::copyMemoryChecks (21 bytes)
Event: 4.392 Thread 0x000001e3f57d63e0 nmethod 4128 0x000001e3807eb690 code [0x000001e3807eb960, 0x000001e3807ec660]
Event: 4.394 Thread 0x000001e3ff380420 nmethod 4102 0x000001e387c97d10 code [0x000001e387c97fa0, 0x000001e387c98950]
Event: 4.394 Thread 0x000001e3ff380420 4065       4       java.util.ArrayList::toArray (12 bytes)
Event: 4.396 Thread 0x000001e3f57d63e0 4132       3       org.apache.maven.model.normalization.DefaultModelNormalizer::mergeDuplicates (264 bytes)

GC Heap History (14 events):
Event: 1.198 GC heap before
{Heap before GC invocations=0 (full 0):
 def new generation   total 19648K, used 17472K [0x00000000f0000000, 0x00000000f1550000, 0x00000000f5550000)
  eden space 17472K, 100% used [0x00000000f0000000, 0x00000000f1110000, 0x00000000f1110000)
  from space 2176K,   0% used [0x00000000f1110000, 0x00000000f1110000, 0x00000000f1330000)
  to   space 2176K,   0% used [0x00000000f1330000, 0x00000000f1330000, 0x00000000f1550000)
 tenured generation   total 43712K, used 0K [0x00000000f5550000, 0x00000000f8000000, 0x0000000100000000)
   the space 43712K,   0% used [0x00000000f5550000, 0x00000000f5550000, 0x00000000f5550200, 0x00000000f8000000)
 Metaspace       used 5407K, committed 5568K, reserved 1114112K
  class space    used 613K, committed 704K, reserved 1048576K
}
Event: 1.210 GC heap after
{Heap after GC invocations=1 (full 0):
 def new generation   total 19648K, used 2175K [0x00000000f0000000, 0x00000000f1550000, 0x00000000f5550000)
  eden space 17472K,   0% used [0x00000000f0000000, 0x00000000f0000000, 0x00000000f1110000)
  from space 2176K,  99% used [0x00000000f1330000, 0x00000000f154fff8, 0x00000000f1550000)
  to   space 2176K,   0% used [0x00000000f1110000, 0x00000000f1110000, 0x00000000f1330000)
 tenured generation   total 43712K, used 1352K [0x00000000f5550000, 0x00000000f8000000, 0x0000000100000000)
   the space 43712K,   3% used [0x00000000f5550000, 0x00000000f56a20b8, 0x00000000f56a2200, 0x00000000f8000000)
 Metaspace       used 5407K, committed 5568K, reserved 1114112K
  class space    used 613K, committed 704K, reserved 1048576K
}
Event: 1.665 GC heap before
{Heap before GC invocations=1 (full 0):
 def new generation   total 19648K, used 19647K [0x00000000f0000000, 0x00000000f1550000, 0x00000000f5550000)
  eden space 17472K, 100% used [0x00000000f0000000, 0x00000000f1110000, 0x00000000f1110000)
  from space 2176K,  99% used [0x00000000f1330000, 0x00000000f154fff8, 0x00000000f1550000)
  to   space 2176K,   0% used [0x00000000f1110000, 0x00000000f1110000, 0x00000000f1330000)
 tenured generation   total 43712K, used 1352K [0x00000000f5550000, 0x00000000f8000000, 0x0000000100000000)
   the space 43712K,   3% used [0x00000000f5550000, 0x00000000f56a20b8, 0x00000000f56a2200, 0x00000000f8000000)
 Metaspace       used 6948K, committed 7168K, reserved 1114112K
  class space    used 800K, committed 896K, reserved 1048576K
}
Event: 1.676 GC heap after
{Heap after GC invocations=2 (full 0):
 def new generation   total 19648K, used 605K [0x00000000f0000000, 0x00000000f1550000, 0x00000000f5550000)
  eden space 17472K,   0% used [0x00000000f0000000, 0x00000000f0000000, 0x00000000f1110000)
  from space 2176K,  27% used [0x00000000f1110000, 0x00000000f11a76b0, 0x00000000f1330000)
  to   space 2176K,   0% used [0x00000000f1330000, 0x00000000f1330000, 0x00000000f1550000)
 tenured generation   total 43712K, used 3484K [0x00000000f5550000, 0x00000000f8000000, 0x0000000100000000)
   the space 43712K,   7% used [0x00000000f5550000, 0x00000000f58b7348, 0x00000000f58b7400, 0x00000000f8000000)
 Metaspace       used 6948K, committed 7168K, reserved 1114112K
  class space    used 800K, committed 896K, reserved 1048576K
}
Event: 2.160 GC heap before
{Heap before GC invocations=2 (full 0):
 def new generation   total 19648K, used 18077K [0x00000000f0000000, 0x00000000f1550000, 0x00000000f5550000)
  eden space 17472K, 100% used [0x00000000f0000000, 0x00000000f1110000, 0x00000000f1110000)
  from space 2176K,  27% used [0x00000000f1110000, 0x00000000f11a76b0, 0x00000000f1330000)
  to   space 2176K,   0% used [0x00000000f1330000, 0x00000000f1330000, 0x00000000f1550000)
 tenured generation   total 43712K, used 3484K [0x00000000f5550000, 0x00000000f8000000, 0x0000000100000000)
   the space 43712K,   7% used [0x00000000f5550000, 0x00000000f58b7348, 0x00000000f58b7400, 0x00000000f8000000)
 Metaspace       used 10048K, committed 10240K, reserved 1114112K
  class space    used 1187K, committed 1280K, reserved 1048576K
}
Event: 2.164 GC heap after
{Heap after GC invocations=3 (full 0):
 def new generation   total 19648K, used 1734K [0x00000000f0000000, 0x00000000f1550000, 0x00000000f5550000)
  eden space 17472K,   0% used [0x00000000f0000000, 0x00000000f0000000, 0x00000000f1110000)
  from space 2176K,  79% used [0x00000000f1330000, 0x00000000f14e1b38, 0x00000000f1550000)
  to   space 2176K,   0% used [0x00000000f1110000, 0x00000000f1110000, 0x00000000f1330000)
 tenured generation   total 43712K, used 3484K [0x00000000f5550000, 0x00000000f8000000, 0x0000000100000000)
   the space 43712K,   7% used [0x00000000f5550000, 0x00000000f58b7348, 0x00000000f58b7400, 0x00000000f8000000)
 Metaspace       used 10048K, committed 10240K, reserved 1114112K
  class space    used 1187K, committed 1280K, reserved 1048576K
}
Event: 2.799 GC heap before
{Heap before GC invocations=3 (full 0):
 def new generation   total 19648K, used 19206K [0x00000000f0000000, 0x00000000f1550000, 0x00000000f5550000)
  eden space 17472K, 100% used [0x00000000f0000000, 0x00000000f1110000, 0x00000000f1110000)
  from space 2176K,  79% used [0x00000000f1330000, 0x00000000f14e1b38, 0x00000000f1550000)
  to   space 2176K,   0% used [0x00000000f1110000, 0x00000000f1110000, 0x00000000f1330000)
 tenured generation   total 43712K, used 3484K [0x00000000f5550000, 0x00000000f8000000, 0x0000000100000000)
   the space 43712K,   7% used [0x00000000f5550000, 0x00000000f58b7348, 0x00000000f58b7400, 0x00000000f8000000)
 Metaspace       used 13642K, committed 13824K, reserved 1114112K
  class space    used 1630K, committed 1728K, reserved 1048576K
}
Event: 2.813 GC heap after
{Heap after GC invocations=4 (full 0):
 def new generation   total 19648K, used 1945K [0x00000000f0000000, 0x00000000f1550000, 0x00000000f5550000)
  eden space 17472K,   0% used [0x00000000f0000000, 0x00000000f0000000, 0x00000000f1110000)
  from space 2176K,  89% used [0x00000000f1110000, 0x00000000f12f67b0, 0x00000000f1330000)
  to   space 2176K,   0% used [0x00000000f1330000, 0x00000000f1330000, 0x00000000f1550000)
 tenured generation   total 43712K, used 5164K [0x00000000f5550000, 0x00000000f8000000, 0x0000000100000000)
   the space 43712K,  11% used [0x00000000f5550000, 0x00000000f5a5b218, 0x00000000f5a5b400, 0x00000000f8000000)
 Metaspace       used 13642K, committed 13824K, reserved 1114112K
  class space    used 1630K, committed 1728K, reserved 1048576K
}
Event: 3.338 GC heap before
{Heap before GC invocations=4 (full 0):
 def new generation   total 19648K, used 19417K [0x00000000f0000000, 0x00000000f1550000, 0x00000000f5550000)
  eden space 17472K, 100% used [0x00000000f0000000, 0x00000000f1110000, 0x00000000f1110000)
  from space 2176K,  89% used [0x00000000f1110000, 0x00000000f12f67b0, 0x00000000f1330000)
  to   space 2176K,   0% used [0x00000000f1330000, 0x00000000f1330000, 0x00000000f1550000)
 tenured generation   total 43712K, used 5164K [0x00000000f5550000, 0x00000000f8000000, 0x0000000100000000)
   the space 43712K,  11% used [0x00000000f5550000, 0x00000000f5a5b218, 0x00000000f5a5b400, 0x00000000f8000000)
 Metaspace       used 15287K, committed 15488K, reserved 1114112K
  class space    used 1784K, committed 1856K, reserved 1048576K
}
Event: 3.347 GC heap after
{Heap after GC invocations=5 (full 0):
 def new generation   total 19648K, used 2118K [0x00000000f0000000, 0x00000000f1550000, 0x00000000f5550000)
  eden space 17472K,   0% used [0x00000000f0000000, 0x00000000f0000000, 0x00000000f1110000)
  from space 2176K,  97% used [0x00000000f1330000, 0x00000000f1541bf0, 0x00000000f1550000)
  to   space 2176K,   0% used [0x00000000f1110000, 0x00000000f1110000, 0x00000000f1330000)
 tenured generation   total 43712K, used 7075K [0x00000000f5550000, 0x00000000f8000000, 0x0000000100000000)
   the space 43712K,  16% used [0x00000000f5550000, 0x00000000f5c38c88, 0x00000000f5c38e00, 0x00000000f8000000)
 Metaspace       used 15287K, committed 15488K, reserved 1114112K
  class space    used 1784K, committed 1856K, reserved 1048576K
}
Event: 3.737 GC heap before
{Heap before GC invocations=5 (full 0):
 def new generation   total 19648K, used 19590K [0x00000000f0000000, 0x00000000f1550000, 0x00000000f5550000)
  eden space 17472K, 100% used [0x00000000f0000000, 0x00000000f1110000, 0x00000000f1110000)
  from space 2176K,  97% used [0x00000000f1330000, 0x00000000f1541bf0, 0x00000000f1550000)
  to   space 2176K,   0% used [0x00000000f1110000, 0x00000000f1110000, 0x00000000f1330000)
 tenured generation   total 43712K, used 7075K [0x00000000f5550000, 0x00000000f8000000, 0x0000000100000000)
   the space 43712K,  16% used [0x00000000f5550000, 0x00000000f5c38c88, 0x00000000f5c38e00, 0x00000000f8000000)
 Metaspace       used 15784K, committed 16000K, reserved 1114112K
  class space    used 1832K, committed 1920K, reserved 1048576K
}
Event: 3.746 GC heap after
{Heap after GC invocations=6 (full 0):
 def new generation   total 19648K, used 2176K [0x00000000f0000000, 0x00000000f1550000, 0x00000000f5550000)
  eden space 17472K,   0% used [0x00000000f0000000, 0x00000000f0000000, 0x00000000f1110000)
  from space 2176K, 100% used [0x00000000f1110000, 0x00000000f1330000, 0x00000000f1330000)
  to   space 2176K,   0% used [0x00000000f1330000, 0x00000000f1330000, 0x00000000f1550000)
 tenured generation   total 43712K, used 9125K [0x00000000f5550000, 0x00000000f8000000, 0x0000000100000000)
   the space 43712K,  20% used [0x00000000f5550000, 0x00000000f5e39460, 0x00000000f5e39600, 0x00000000f8000000)
 Metaspace       used 15784K, committed 16000K, reserved 1114112K
  class space    used 1832K, committed 1920K, reserved 1048576K
}
Event: 4.129 GC heap before
{Heap before GC invocations=6 (full 0):
 def new generation   total 19648K, used 19648K [0x00000000f0000000, 0x00000000f1550000, 0x00000000f5550000)
  eden space 17472K, 100% used [0x00000000f0000000, 0x00000000f1110000, 0x00000000f1110000)
  from space 2176K, 100% used [0x00000000f1110000, 0x00000000f1330000, 0x00000000f1330000)
  to   space 2176K,   0% used [0x00000000f1330000, 0x00000000f1330000, 0x00000000f1550000)
 tenured generation   total 43712K, used 9125K [0x00000000f5550000, 0x00000000f8000000, 0x0000000100000000)
   the space 43712K,  20% used [0x00000000f5550000, 0x00000000f5e39460, 0x00000000f5e39600, 0x00000000f8000000)
 Metaspace       used 16077K, committed 16320K, reserved 1114112K
  class space    used 1853K, committed 1920K, reserved 1048576K
}
Event: 4.139 GC heap after
{Heap after GC invocations=7 (full 0):
 def new generation   total 19648K, used 2055K [0x00000000f0000000, 0x00000000f1550000, 0x00000000f5550000)
  eden space 17472K,   0% used [0x00000000f0000000, 0x00000000f0000000, 0x00000000f1110000)
  from space 2176K,  94% used [0x00000000f1330000, 0x00000000f1531e48, 0x00000000f1550000)
  to   space 2176K,   0% used [0x00000000f1110000, 0x00000000f1110000, 0x00000000f1330000)
 tenured generation   total 43712K, used 11207K [0x00000000f5550000, 0x00000000f8000000, 0x0000000100000000)
   the space 43712K,  25% used [0x00000000f5550000, 0x00000000f6041c38, 0x00000000f6041e00, 0x00000000f8000000)
 Metaspace       used 16077K, committed 16320K, reserved 1114112K
  class space    used 1853K, committed 1920K, reserved 1048576K
}

Dll operation events (8 events):
Event: 0.012 Loaded shared library C:\Users\TU QUANG CHUONG\.jdks\openjdk-21.0.2\bin\java.dll
Event: 0.073 Loaded shared library C:\Users\TU QUANG CHUONG\.jdks\openjdk-21.0.2\bin\jsvml.dll
Event: 0.094 Loaded shared library C:\Users\TU QUANG CHUONG\.jdks\openjdk-21.0.2\bin\net.dll
Event: 0.098 Loaded shared library C:\Users\TU QUANG CHUONG\.jdks\openjdk-21.0.2\bin\nio.dll
Event: 0.106 Loaded shared library C:\Users\TU QUANG CHUONG\.jdks\openjdk-21.0.2\bin\zip.dll
Event: 0.359 Loaded shared library C:\Users\TU QUANG CHUONG\.jdks\openjdk-21.0.2\bin\jimage.dll
Event: 0.377 Loaded shared library C:\Users\TU QUANG CHUONG\apache-maven-3.9.6-bin\apache-maven-3.9.6\lib\jansi-native\Windows\x86_64\jansi.dll
Event: 0.407 Loaded shared library C:\Users\TU QUANG CHUONG\.jdks\openjdk-21.0.2\bin\verify.dll

Deoptimization events (20 events):
Event: 4.382 Thread 0x000001e3f5cff7b0 DEOPT PACKING pc=0x000001e387c959e8 sp=0x00000009063fc950
Event: 4.382 Thread 0x000001e3f5cff7b0 DEOPT UNPACKING pc=0x000001e387586da2 sp=0x00000009063fc900 mode 2
Event: 4.395 Thread 0x000001e3f5cff7b0 Uncommon trap: trap_request=0xffffffd6 fr.pc=0x000001e387c970b8 relative=0x0000000000000218
Event: 4.395 Thread 0x000001e3f5cff7b0 Uncommon trap: reason=array_check action=maybe_recompile pc=0x000001e387c970b8 method=java.util.HashMap.keysToArray([Ljava/lang/Object;)[Ljava/lang/Object; @ 62 c2
Event: 4.395 Thread 0x000001e3f5cff7b0 DEOPT PACKING pc=0x000001e387c970b8 sp=0x00000009063fbdb0
Event: 4.395 Thread 0x000001e3f5cff7b0 DEOPT UNPACKING pc=0x000001e387586da2 sp=0x00000009063fbd28 mode 2
Event: 4.395 Thread 0x000001e3f5cff7b0 Uncommon trap: trap_request=0xffffffd6 fr.pc=0x000001e387c970b8 relative=0x0000000000000218
Event: 4.395 Thread 0x000001e3f5cff7b0 Uncommon trap: reason=array_check action=maybe_recompile pc=0x000001e387c970b8 method=java.util.HashMap.keysToArray([Ljava/lang/Object;)[Ljava/lang/Object; @ 62 c2
Event: 4.395 Thread 0x000001e3f5cff7b0 DEOPT PACKING pc=0x000001e387c970b8 sp=0x00000009063fbdb0
Event: 4.395 Thread 0x000001e3f5cff7b0 DEOPT UNPACKING pc=0x000001e387586da2 sp=0x00000009063fbd28 mode 2
Event: 4.395 Thread 0x000001e3f5cff7b0 Uncommon trap: trap_request=0xffffffd6 fr.pc=0x000001e387c970b8 relative=0x0000000000000218
Event: 4.395 Thread 0x000001e3f5cff7b0 Uncommon trap: reason=array_check action=maybe_recompile pc=0x000001e387c970b8 method=java.util.HashMap.keysToArray([Ljava/lang/Object;)[Ljava/lang/Object; @ 62 c2
Event: 4.395 Thread 0x000001e3f5cff7b0 DEOPT PACKING pc=0x000001e387c970b8 sp=0x00000009063fbdb0
Event: 4.395 Thread 0x000001e3f5cff7b0 DEOPT UNPACKING pc=0x000001e387586da2 sp=0x00000009063fbd28 mode 2
Event: 4.395 Thread 0x000001e3f5cff7b0 Uncommon trap: trap_request=0xffffffd6 fr.pc=0x000001e387c970b8 relative=0x0000000000000218
Event: 4.395 Thread 0x000001e3f5cff7b0 Uncommon trap: reason=array_check action=maybe_recompile pc=0x000001e387c970b8 method=java.util.HashMap.keysToArray([Ljava/lang/Object;)[Ljava/lang/Object; @ 62 c2
Event: 4.395 Thread 0x000001e3f5cff7b0 DEOPT PACKING pc=0x000001e387c970b8 sp=0x00000009063fbdb0
Event: 4.395 Thread 0x000001e3f5cff7b0 DEOPT UNPACKING pc=0x000001e387586da2 sp=0x00000009063fbd28 mode 2
Event: 4.398 Thread 0x000001e3f5cff7b0 Uncommon trap: trap_request=0xffffffde fr.pc=0x000001e387b11ed0 relative=0x0000000000000a70
Event: 5.398 Thread 0x000001e3f5cff7b0 Uncommon trap: reason=class_check action=maybe_recompile pc=0x000001e387b11ed0 method=java.util.concurrent.ConcurrentHashMap.putVal(Ljava/lang/Object;Ljava/lang/Object;Z)Ljava/lang/Object; @ 242 c2

Classes loaded (20 events):
Event: 2.982 Loading class java/util/StringTokenizer
Event: 2.983 Loading class java/util/StringTokenizer done
Event: 2.986 Loading class java/math/BigDecimal
Event: 2.987 Loading class java/math/BigDecimal done
Event: 2.988 Loading class java/lang/Short$ShortCache
Event: 2.988 Loading class java/lang/Short$ShortCache done
Event: 2.988 Loading class java/lang/Byte$ByteCache
Event: 2.988 Loading class java/lang/Byte$ByteCache done
Event: 3.648 Loading class java/util/stream/MatchOps$MatchKind
Event: 3.648 Loading class java/util/stream/MatchOps$MatchKind done
Event: 3.649 Loading class java/util/stream/MatchOps
Event: 3.649 Loading class java/util/stream/MatchOps done
Event: 3.649 Loading class java/util/stream/MatchOps$MatchOp
Event: 3.650 Loading class java/util/stream/MatchOps$MatchOp done
Event: 3.650 Loading class java/util/stream/MatchOps$BooleanTerminalSink
Event: 3.650 Loading class java/util/stream/MatchOps$BooleanTerminalSink done
Event: 3.650 Loading class java/util/stream/MatchOps$1MatchSink
Event: 3.650 Loading class java/util/stream/MatchOps$1MatchSink done
Event: 3.706 Loading class java/util/LinkedList$LLSpliterator
Event: 3.706 Loading class java/util/LinkedList$LLSpliterator done

Classes unloaded (0 events):
No events

Classes redefined (0 events):
No events

Internal exceptions (20 events):
Event: 1.240 Thread 0x000001e3f5cff7b0 Exception <a 'java/lang/NoClassDefFoundError'{0x00000000f00af258}: javax/enterprise/inject/Typed> (0x00000000f00af258) 
thrown [s\open\src\hotspot\share\classfile\systemDictionary.cpp, line 301]
Event: 2.240 Thread 0x000001e3f5cff7b0 Exception <a 'java/lang/NoSuchMethodError'{0x00000000f0300ac0}: 'void java.lang.invoke.DirectMethodHandle$Holder.invokeStaticInit(java.lang.Object, java.lang.Object, java.lang.Object)'> (0x00000000f0300ac0) 
thrown [s\open\src\hotspot\share\interpreter\linkResolver.cpp, line 773]
Event: 2.245 Thread 0x000001e3f5cff7b0 Exception <a 'java/lang/ExceptionInInitializerError'{0x00000000f0328fc8}> (0x00000000f0328fc8) 
thrown [s\open\src\hotspot\share\oops\instanceKlass.cpp, line 1180]
Event: 2.284 Thread 0x000001e3f5cff7b0 Exception <a 'java/lang/NoSuchMethodError'{0x00000000f0433fd8}: 'long java.lang.invoke.DirectMethodHandle$Holder.invokeStatic(java.lang.Object, java.lang.Object, int)'> (0x00000000f0433fd8) 
thrown [s\open\src\hotspot\share\interpreter\linkResolver.cpp, line 773]
Event: 2.288 Thread 0x000001e3f5cff7b0 Exception <a 'java/lang/NoSuchMethodError'{0x00000000f0447070}: 'java.lang.Object java.lang.invoke.DirectMethodHandle$Holder.invokeStatic(java.lang.Object, java.lang.Object, java.lang.Object, java.lang.Object, int)'> (0x00000000f0447070) 
thrown [s\open\src\hotspot\share\interpreter\linkResolver.cpp, line 773]
Event: 2.290 Thread 0x000001e3f5cff7b0 Exception <a 'java/lang/NoSuchMethodError'{0x00000000f044ef88}: 'java.lang.Object java.lang.invoke.DirectMethodHandle$Holder.invokeSpecial(java.lang.Object, java.lang.Object, java.lang.Object, java.lang.Object, long)'> (0x00000000f044ef88) 
thrown [s\open\src\hotspot\share\interpreter\linkResolver.cpp, line 773]
Event: 2.291 Thread 0x000001e3f5cff7b0 Exception <a 'java/lang/NoSuchMethodError'{0x00000000f045a980}: 'java.lang.Object java.lang.invoke.DirectMethodHandle$Holder.invokeSpecial(java.lang.Object, java.lang.Object, java.lang.Object, int, java.lang.Object)'> (0x00000000f045a980) 
thrown [s\open\src\hotspot\share\interpreter\linkResolver.cpp, line 773]
Event: 2.291 Thread 0x000001e3f5cff7b0 Exception <a 'java/lang/NoSuchMethodError'{0x00000000f0462aa0}: 'int java.lang.invoke.DirectMethodHandle$Holder.invokeSpecial(java.lang.Object, java.lang.Object, java.lang.Object, int)'> (0x00000000f0462aa0) 
thrown [s\open\src\hotspot\share\interpreter\linkResolver.cpp, line 773]
Event: 2.295 Thread 0x000001e3f5cff7b0 Implicit null exception at 0x000001e387b67cda to 0x000001e387b67eb4
Event: 2.296 Thread 0x000001e3f5cff7b0 Exception <a 'java/lang/NoSuchMethodError'{0x00000000f0486f80}: 'java.lang.Object java.lang.invoke.Invokers$Holder.invokeExact_MT(java.lang.Object, int, java.lang.Object)'> (0x00000000f0486f80) 
thrown [s\open\src\hotspot\share\interpreter\linkResolver.cpp, line 773]
Event: 2.308 Thread 0x000001e3f5cff7b0 Exception <a 'java/lang/NoSuchMethodError'{0x00000000f0501918}: 'void java.lang.invoke.DirectMethodHandle$Holder.invokeStatic(java.lang.Object, java.lang.Object)'> (0x00000000f0501918) 
thrown [s\open\src\hotspot\share\interpreter\linkResolver.cpp, line 773]
Event: 2.560 Thread 0x000001e3f5cff7b0 Exception <a 'java/lang/NoSuchMethodError'{0x00000000f0c72f98}: 'void java.lang.invoke.Invokers$Holder.invokeExact_MT(java.lang.Object, java.lang.Object, java.lang.Object, java.lang.Object)'> (0x00000000f0c72f98) 
thrown [s\open\src\hotspot\share\interpreter\linkResolver.cpp, line 773]
Event: 2.579 Thread 0x000001e3f5cff7b0 Exception <a 'java/lang/NoClassDefFoundError'{0x00000000f0d04078}: com/google/inject/servlet/ServletModuleTargetVisitor> (0x00000000f0d04078) 
thrown [s\open\src\hotspot\share\classfile\systemDictionary.cpp, line 301]
Event: 2.657 Thread 0x000001e3f5cff7b0 Exception <a 'java/lang/NoSuchMethodError'{0x00000000f0ebd1c0}: 'void java.lang.invoke.DirectMethodHandle$Holder.invokeVirtual(java.lang.Object, java.lang.Object)'> (0x00000000f0ebd1c0) 
thrown [s\open\src\hotspot\share\interpreter\linkResolver.cpp, line 773]
Event: 2.716 Thread 0x000001e3f5cff7b0 Exception <a 'java/lang/NoSuchMethodError'{0x00000000f0f3bd68}: 'java.lang.Object java.lang.invoke.DirectMethodHandle$Holder.invokeStaticInit(java.lang.Object, int, int, int, int)'> (0x00000000f0f3bd68) 
thrown [s\open\src\hotspot\share\interpreter\linkResolver.cpp, line 773]
Event: 2.882 Thread 0x000001e3f5cff7b0 Implicit null exception at 0x000001e387b19da4 to 0x000001e387b1a3ac
Event: 2.882 Thread 0x000001e3f5cff7b0 Implicit null exception at 0x000001e387b0d9a0 to 0x000001e387b0dfa0
Event: 2.996 Thread 0x000001e3f5cff7b0 Exception <a 'java/lang/NoSuchMethodError'{0x00000000f056f5b0}: 'void java.lang.invoke.DirectMethodHandle$Holder.invokeVirtual(java.lang.Object, java.lang.Object, int)'> (0x00000000f056f5b0) 
thrown [s\open\src\hotspot\share\interpreter\linkResolver.cpp, line 773]
Event: 2.996 Thread 0x000001e3f5cff7b0 Exception <a 'java/lang/NoSuchMethodError'{0x00000000f0576678}: 'void java.lang.invoke.DelegatingMethodHandle$Holder.reinvoke_L(java.lang.Object, java.lang.Object, int)'> (0x00000000f0576678) 
thrown [s\open\src\hotspot\share\interpreter\linkResolver.cpp, line 773]
Event: 3.795 Thread 0x000001e3f5cff7b0 Exception <a 'java/lang/NoSuchMethodError'{0x00000000f02e3988}: 'int java.lang.invoke.DirectMethodHandle$Holder.invokeSpecialIFC(java.lang.Object, java.lang.Object, java.lang.Object, java.lang.Object)'> (0x00000000f02e3988) 
thrown [s\open\src\hotspot\share\interpreter\linkResolver.cpp, line 773]

ZGC Phase Switch (0 events):
No events

VM Operations (20 events):
Event: 2.569 Executing VM operation: ICBufferFull done
Event: 2.671 Executing VM operation: HandshakeAllThreads (Deoptimize)
Event: 2.671 Executing VM operation: HandshakeAllThreads (Deoptimize) done
Event: 2.737 Executing VM operation: HandshakeAllThreads (Deoptimize)
Event: 2.737 Executing VM operation: HandshakeAllThreads (Deoptimize) done
Event: 2.784 Executing VM operation: HandshakeAllThreads (Deoptimize)
Event: 2.784 Executing VM operation: HandshakeAllThreads (Deoptimize) done
Event: 2.799 Executing VM operation: GenCollectForAllocation (Allocation Failure)
Event: 2.813 Executing VM operation: GenCollectForAllocation (Allocation Failure) done
Event: 2.852 Executing VM operation: HandshakeAllThreads (Deoptimize)
Event: 2.852 Executing VM operation: HandshakeAllThreads (Deoptimize) done
Event: 3.297 Executing VM operation: ICBufferFull
Event: 3.297 Executing VM operation: ICBufferFull done
Event: 3.338 Executing VM operation: GenCollectForAllocation (Allocation Failure)
Event: 3.347 Executing VM operation: GenCollectForAllocation (Allocation Failure) done
Event: 3.737 Executing VM operation: GenCollectForAllocation (Allocation Failure)
Event: 3.746 Executing VM operation: GenCollectForAllocation (Allocation Failure) done
Event: 4.128 Executing VM operation: GenCollectForAllocation (Allocation Failure)
Event: 4.139 Executing VM operation: GenCollectForAllocation (Allocation Failure) done
Event: 5.153 Executing VM operation: Cleanup

Events (15 events):
Event: 0.041 Thread 0x000001e3f5cff7b0 Thread added: 0x000001e3f5cff7b0
Event: 0.065 Thread 0x000001e3f57aec40 Thread added: 0x000001e3f57aec40
Event: 0.065 Thread 0x000001e3f57afc50 Thread added: 0x000001e3f57afc50
Event: 0.065 Thread 0x000001e3f57b4e10 Thread added: 0x000001e3f57b4e10
Event: 0.065 Thread 0x000001e3f57b8210 Thread added: 0x000001e3f57b8210
Event: 0.065 Thread 0x000001e3f57ba930 Thread added: 0x000001e3f57ba930
Event: 0.066 Thread 0x000001e3f57bd5b0 Thread added: 0x000001e3f57bd5b0
Event: 0.066 Thread 0x000001e3f57c4c30 Thread added: 0x000001e3f57c4c30
Event: 0.066 Thread 0x000001e3f57d63e0 Thread added: 0x000001e3f57d63e0
Event: 0.082 Thread 0x000001e3fe1aa660 Thread added: 0x000001e3fe1aa660
Event: 0.090 Thread 0x000001e3fe1b4ec0 Thread added: 0x000001e3fe1b4ec0
Event: 0.860 Thread 0x000001e3fe604cc0 Thread added: 0x000001e3fe604cc0
Event: 2.007 Thread 0x000001e3fe604cc0 Thread exited: 0x000001e3fe604cc0
Event: 2.374 Thread 0x000001e3ff380420 Thread added: 0x000001e3ff380420
Event: 3.813 Thread 0x000001e3ff4a09e0 Thread added: 0x000001e3ff4a09e0


Dynamic libraries:
0x00007ff60eee0000 - 0x00007ff60eeee000 	C:\Users\TU QUANG CHUONG\.jdks\openjdk-21.0.2\bin\java.exe
0x00007ffcfcb80000 - 0x00007ffcfcde7000 	C:\WINDOWS\SYSTEM32\ntdll.dll
0x00007ffcfbb10000 - 0x00007ffcfbbd9000 	C:\WINDOWS\System32\KERNEL32.DLL
0x00007ffcf9e50000 - 0x00007ffcfa23f000 	C:\WINDOWS\System32\KERNELBASE.dll
0x00007ffcfa680000 - 0x00007ffcfa7cb000 	C:\WINDOWS\System32\ucrtbase.dll
0x00007ffcba5d0000 - 0x00007ffcba5e8000 	C:\Users\TU QUANG CHUONG\.jdks\openjdk-21.0.2\bin\jli.dll
0x00007ffcbc580000 - 0x00007ffcbc59b000 	C:\Users\TU QUANG CHUONG\.jdks\openjdk-21.0.2\bin\VCRUNTIME140.dll
0x00007ffcfb590000 - 0x00007ffcfb755000 	C:\WINDOWS\System32\USER32.dll
0x00007ffcdcd80000 - 0x00007ffcdd013000 	C:\WINDOWS\WinSxS\amd64_microsoft.windows.common-controls_6595b64144ccf1df_6.0.26100.7309_none_3e05feeae336a044\COMCTL32.dll
0x00007ffcfa470000 - 0x00007ffcfa497000 	C:\WINDOWS\System32\win32u.dll
0x00007ffcfb9d0000 - 0x00007ffcfba79000 	C:\WINDOWS\System32\msvcrt.dll
0x00007ffcfc200000 - 0x00007ffcfc22b000 	C:\WINDOWS\System32\GDI32.dll
0x00007ffcfa4a0000 - 0x00007ffcfa5cc000 	C:\WINDOWS\System32\gdi32full.dll
0x00007ffcfa3c0000 - 0x00007ffcfa463000 	C:\WINDOWS\System32\msvcp_win.dll
0x00007ffcfc230000 - 0x00007ffcfc261000 	C:\WINDOWS\System32\IMM32.DLL
0x00007ffcd1a80000 - 0x00007ffcd1a8c000 	C:\Users\TU QUANG CHUONG\.jdks\openjdk-21.0.2\bin\vcruntime140_1.dll
0x00007ffca5590000 - 0x00007ffca561e000 	C:\Users\TU QUANG CHUONG\.jdks\openjdk-21.0.2\bin\msvcp140.dll
0x00007ffc52a50000 - 0x00007ffc53767000 	C:\Users\TU QUANG CHUONG\.jdks\openjdk-21.0.2\bin\server\jvm.dll
0x00007ffcfb380000 - 0x00007ffcfb434000 	C:\WINDOWS\System32\ADVAPI32.dll
0x00007ffcfbbf0000 - 0x00007ffcfbc96000 	C:\WINDOWS\System32\sechost.dll
0x00007ffcfb8b0000 - 0x00007ffcfb9c8000 	C:\WINDOWS\System32\RPCRT4.dll
0x00007ffcfbec0000 - 0x00007ffcfbf34000 	C:\WINDOWS\System32\WS2_32.dll
0x00007ffcf9b30000 - 0x00007ffcf9b8e000 	C:\WINDOWS\SYSTEM32\POWRPROF.dll
0x00007ffce7040000 - 0x00007ffce704b000 	C:\WINDOWS\SYSTEM32\VERSION.dll
0x00007ffcf7480000 - 0x00007ffcf74b5000 	C:\WINDOWS\SYSTEM32\WINMM.dll
0x00007ffcf9b10000 - 0x00007ffcf9b24000 	C:\WINDOWS\SYSTEM32\UMPDC.dll
0x00007ffcf8a80000 - 0x00007ffcf8a9b000 	C:\WINDOWS\SYSTEM32\kernel.appcore.dll
0x00007ffcccc70000 - 0x00007ffcccc7a000 	C:\Users\TU QUANG CHUONG\.jdks\openjdk-21.0.2\bin\jimage.dll
0x00007ffcf71b0000 - 0x00007ffcf73f2000 	C:\WINDOWS\SYSTEM32\DBGHELP.DLL
0x00007ffcfae00000 - 0x00007ffcfb185000 	C:\WINDOWS\System32\combase.dll
0x00007ffcfb4b0000 - 0x00007ffcfb586000 	C:\WINDOWS\System32\OLEAUT32.dll
0x00007ffcf7440000 - 0x00007ffcf747c000 	C:\WINDOWS\SYSTEM32\dbgcore.DLL
0x00007ffcfa5d0000 - 0x00007ffcfa675000 	C:\WINDOWS\System32\bcryptPrimitives.dll
0x00007ffcb1d80000 - 0x00007ffcb1d9f000 	C:\Users\TU QUANG CHUONG\.jdks\openjdk-21.0.2\bin\java.dll
0x00007ffcfc3e0000 - 0x00007ffcfcb33000 	C:\WINDOWS\System32\SHELL32.dll
0x00007ffcfa250000 - 0x00007ffcfa3ba000 	C:\WINDOWS\System32\wintypes.dll
0x00007ffcf78b0000 - 0x00007ffcf810e000 	C:\WINDOWS\SYSTEM32\windows.storage.dll
0x00007ffcfc0d0000 - 0x00007ffcfc1c5000 	C:\WINDOWS\System32\SHCORE.dll
0x00007ffcfc060000 - 0x00007ffcfc0c6000 	C:\WINDOWS\System32\shlwapi.dll
0x00007ffcf9bf0000 - 0x00007ffcf9c19000 	C:\WINDOWS\SYSTEM32\profapi.dll
0x00007ffc6fb70000 - 0x00007ffc6fc47000 	C:\Users\TU QUANG CHUONG\.jdks\openjdk-21.0.2\bin\jsvml.dll
0x00007ffcc1170000 - 0x00007ffcc1180000 	C:\Users\TU QUANG CHUONG\.jdks\openjdk-21.0.2\bin\net.dll
0x00007ffce9790000 - 0x00007ffce98b8000 	C:\WINDOWS\SYSTEM32\WINHTTP.dll
0x00007ffcf8ff0000 - 0x00007ffcf905b000 	C:\WINDOWS\system32\mswsock.dll
0x00007ffcb18c0000 - 0x00007ffcb18d6000 	C:\Users\TU QUANG CHUONG\.jdks\openjdk-21.0.2\bin\nio.dll
0x00007ffcaf5f0000 - 0x00007ffcaf608000 	C:\Users\TU QUANG CHUONG\.jdks\openjdk-21.0.2\bin\zip.dll
0x0000000069ac0000 - 0x0000000069ae4000 	C:\Users\TU QUANG CHUONG\apache-maven-3.9.6-bin\apache-maven-3.9.6\lib\jansi-native\Windows\x86_64\jansi.dll
0x00007ffcbf690000 - 0x00007ffcbf6a0000 	C:\Users\TU QUANG CHUONG\.jdks\openjdk-21.0.2\bin\verify.dll

dbghelp: loaded successfully - version: 4.0.5 - missing functions: none
symbol engine: initialized successfully - sym options: 0x614 - pdb path: .;C:\Users\TU QUANG CHUONG\.jdks\openjdk-21.0.2\bin;C:\WINDOWS\SYSTEM32;C:\WINDOWS\WinSxS\amd64_microsoft.windows.common-controls_6595b64144ccf1df_6.0.26100.7309_none_3e05feeae336a044;C:\Users\TU QUANG CHUONG\.jdks\openjdk-21.0.2\bin\server;C:\Users\TU QUANG CHUONG\apache-maven-3.9.6-bin\apache-maven-3.9.6\lib\jansi-native\Windows\x86_64

VM Arguments:
jvm_args: -Xms64m -Xmx256m -XX:+UseSerialGC -Dclassworlds.conf=C:\Users\TU QUANG CHUONG\apache-maven-3.9.6-bin\apache-maven-3.9.6\bin\m2.conf -Dmaven.home=C:\Users\TU QUANG CHUONG\apache-maven-3.9.6-bin\apache-maven-3.9.6 -Dlibrary.jansi.path=C:\Users\TU QUANG CHUONG\apache-maven-3.9.6-bin\apache-maven-3.9.6\lib\jansi-native -Dmaven.multiModuleProjectDirectory=D:\Buildd24_10\Buildd30_7\Buildd43\services\ai-service 
java_command: org.codehaus.plexus.classworlds.launcher.Launcher -q test
java_class_path (initial): C:\Users\TU QUANG CHUONG\apache-maven-3.9.6-bin\apache-maven-3.9.6\boot\plexus-classworlds-2.7.0.jar
Launcher Type: SUN_STANDARD

[Global flags]
     intx CICompilerCount                          = 4                                         {product} {ergonomic}
   size_t InitialHeapSize                          = 67108864                                  {product} {command line}
   size_t MaxHeapSize                              = 268435456                                 {product} {command line}
   size_t MaxNewSize                               = 89456640                                  {product} {ergonomic}
   size_t MinHeapDeltaBytes                        = 196608                                    {product} {ergonomic}
   size_t MinHeapSize                              = 67108864                                  {product} {command line}
   size_t NewSize                                  = 22347776                                  {product} {ergonomic}
    uintx NonNMethodCodeHeapSize                   = 5839372                                {pd product} {ergonomic}
    uintx NonProfiledCodeHeapSize                  = 122909434                              {pd product} {ergonomic}
   size_t OldSize                                  = 44761088                                  {product} {ergonomic}
    uintx ProfiledCodeHeapSize                     = 122909434                              {pd product} {ergonomic}
    uintx ReservedCodeCacheSize                    = 251658240                              {pd product} {ergonomic}
     bool SegmentedCodeCache                       = true                                      {product} {ergonomic}
   size_t SoftMaxHeapSize                          = 268435456                              {manageable} {ergonomic}
     bool UseCompressedOops                        = true                           {product lp64_product} {ergonomic}
     bool UseLargePagesIndividualAllocation        = false                                  {pd product} {ergonomic}
     bool UseSerialGC                              = true                                      {product} {command line}

Logging:
Log output configuration:
 #0: stdout all=warning uptime,level,tags foldmultilines=false
 #1: stderr all=off uptime,level,tags foldmultilines=false

Environment Variables:
JAVA_HOME=C:\Users\TU QUANG CHUONG\.jdks\openjdk-21.0.2
PATH=C:\WINDOWS\system32;C:\WINDOWS;C:\WINDOWS\System32\Wbem;C:\WINDOWS\System32\WindowsPowerShell\v1.0\;C:\WINDOWS\System32\OpenSSH\;C:\Program Files\dotnet\;C:\Users\TU QUANG CHUONG\apache-maven-3.9.6-bin\apache-maven-3.9.6\bin;C:\Program Files\Git\cmd;C:\Program Files\TortoiseGit\bin;C:\Users\TU QUANG CHUONG\.jdks\openjdk-21.0.2\bin;C:\Users\TU QUANG CHUONG\.jdks\openjdk-21.0.2\bin;C:\Program Files\MySQL\MySQL Server 8.0\bin\;D:\gradle-8.13-bin\gradle-8.13\bin;D:\flutter_windows_3.29.3-stable\flutter\bin;C:\Program Files\nodejs;C:\WINDOWS\system32;C:\WINDOWS;C:\WINDOWS\System32\Wbem;C:\WINDOWS\System32\WindowsPowerShell\v1.0\;C:\WINDOWS\System32\OpenSSH\;c:\Users\TU QUANG CHUONG\AppData\Local\Programs\cursor\resources\app\bin;c:\Users\TU QUANG CHUONG\AppData\Local\Programs\cursor\resources\app\bin;C:\Users\TU QUANG CHUONG\AppData\Local\Programs\Python\Python311\Scripts\;C:\Users\TU QUANG CHUONG\AppData\Local\Programs\Python\Python311\;C:\Users\TU QUANG CHUONG\AppData\Local\Microsoft\WindowsApps;C:\Program Files\Azure Data Studio\bin;C:\Users\TU QUANG CHUONG\AppData\Local\Programs\Microsoft VS Code\bin;C:\Users\TU QUANG CHUONG\AppData\Roaming\npm;C:\Users\TU QUANG CHUONG\AppData\Local\Microsoft\WinGet\Packages\Ngrok.Ngrok_Microsoft.Winget.Source_8wekyb3d8bbwe;C:\Users\TU QUANG CHUONG\AppData\Local\Programs\cursor\resources\app\bin
USERNAME=TU QUANG CHUONG
TERM=dumb
OS=Windows_NT
PROCESSOR_IDENTIFIER=Intel64 Family 6 Model 140 Stepping 2, GenuineIntel
TMP=C:\Users\TU QUANG CHUONG\AppData\Local\Temp
TEMP=C:\Users\TU QUANG CHUONG\AppData\Local\Temp




Periodic native trim disabled

---------------  S Y S T E M  ---------------

OS:
 Windows 11 , 64 bit Build 26100 (10.0.26100.7309)
OS uptime: 1 days 0:38 hours
Hyper-V role detected

CPU: total 8 (initial active 8) (4 cores per cpu, 2 threads per core) family 6 model 140 stepping 2 microcode 0x3c, cx8, cmov, fxsr, ht, mmx, 3dnowpref, sse, sse2, sse3, ssse3, sse4.1, sse4.2, popcnt, lzcnt, tsc, tscinvbit, avx, avx2, aes, erms, clmul, bmi1, bmi2, adx, avx512f, avx512dq, avx512cd, avx512bw, avx512vl, sha, fma, vzeroupper, avx512_vpopcntdq, avx512_vpclmulqdq, avx512_vaes, avx512_vnni, clflush, clflushopt, clwb, avx512_vbmi2, avx512_vbmi, hv, rdtscp, rdpid, fsrm, gfni, avx512_bitalg, f16c, cet_ibt, cet_ss, avx512_ifma
Processor Information for all 8 processors :
  Max Mhz: 2496, Current Mhz: 2496, Mhz Limit: 2496

Memory: 4k page, system-wide physical 16122M (764M free)
TotalPageFile size 41640M (AvailPageFile size 58M)
current process WorkingSet (physical memory assigned to process): 124M, peak: 132M
current process commit charge ("private bytes"): 143M, peak: 151M

vm_info: OpenJDK 64-Bit Server VM (21.0.2+13-58) for windows-amd64 JRE (21.0.2+13-58), built on 2024-01-05T18:32:24Z by "mach5one" with MS VC++ 17.1 (VS2022)

END.
